MPLINK 5.09, LINKER
Linker Map File - Created Fri Aug 21 00:47:14 2020

                                 Section Info
                  Section       Type    Address   Location Size(Bytes)
                ---------  ---------  ---------  ---------  ---------
                   .cinit    romdata   0x000000    program   0x000002
                    .code       code   0x000002    program   0x000106
.config_300000_BUILD/DEFAULT/PRODUCTION/MAIN.O    romdata   0x300000    program   0x000001
.config_300001_BUILD/DEFAULT/PRODUCTION/MAIN.O    romdata   0x300001    program   0x000001
.config_300002_BUILD/DEFAULT/PRODUCTION/MAIN.O    romdata   0x300002    program   0x000001
.config_300003_BUILD/DEFAULT/PRODUCTION/MAIN.O    romdata   0x300003    program   0x000001
.config_300005_BUILD/DEFAULT/PRODUCTION/MAIN.O    romdata   0x300005    program   0x000001
.config_300006_BUILD/DEFAULT/PRODUCTION/MAIN.O    romdata   0x300006    program   0x000001
.config_300008_BUILD/DEFAULT/PRODUCTION/MAIN.O    romdata   0x300008    program   0x000001
.config_300009_BUILD/DEFAULT/PRODUCTION/MAIN.O    romdata   0x300009    program   0x000001
.config_30000A_BUILD/DEFAULT/PRODUCTION/MAIN.O    romdata   0x30000a    program   0x000001
.config_30000B_BUILD/DEFAULT/PRODUCTION/MAIN.O    romdata   0x30000b    program   0x000001
.config_30000C_BUILD/DEFAULT/PRODUCTION/MAIN.O    romdata   0x30000c    program   0x000001
.config_30000D_BUILD/DEFAULT/PRODUCTION/MAIN.O    romdata   0x30000d    program   0x000001
                   .udata      udata   0x000060       data   0x000002



                              Program Memory Usage 
                               Start         End      
                           ---------   ---------      
                            0x000000    0x000107      
                            0x300000    0x300003      
                            0x300005    0x300006      
                            0x300008    0x30000d      
            276 out of 33048 program addresses used, program memory utilization is 0%



                              Symbols - Sorted by Name
                     Name    Address   Location    Storage File                     
                ---------  ---------  ---------  --------- ---------                
                    Delay   0x0000fa    program     static C:\Users\joaov\MPLABXProjects\PiscaDisplay.X\main.asm
                 MainLoop   0x00000c    program     static C:\Users\joaov\MPLABXProjects\PiscaDisplay.X\main.asm
                 NUMCINCO   0x00006e    program     static C:\Users\joaov\MPLABXProjects\PiscaDisplay.X\main.asm
                  NUMDOIS   0x00001e    program     static C:\Users\joaov\MPLABXProjects\PiscaDisplay.X\main.asm
                  NUMNOVE   0x0000de    program     static C:\Users\joaov\MPLABXProjects\PiscaDisplay.X\main.asm
                  NUMOITO   0x0000ba    program     static C:\Users\joaov\MPLABXProjects\PiscaDisplay.X\main.asm
                NUMQUATRO   0x000056    program     static C:\Users\joaov\MPLABXProjects\PiscaDisplay.X\main.asm
                  NUMSEIS   0x00008a    program     static C:\Users\joaov\MPLABXProjects\PiscaDisplay.X\main.asm
                  NUMSETE   0x0000a6    program     static C:\Users\joaov\MPLABXProjects\PiscaDisplay.X\main.asm
                  NUMTRES   0x00003a    program     static C:\Users\joaov\MPLABXProjects\PiscaDisplay.X\main.asm
                    NUMUM   0x00000e    program     static C:\Users\joaov\MPLABXProjects\PiscaDisplay.X\main.asm
                    Start   0x000002    program     static C:\Users\joaov\MPLABXProjects\PiscaDisplay.X\main.asm
                   Delay1   0x000060       data     static C:\Users\joaov\MPLABXProjects\PiscaDisplay.X\main.asm
                   Delay2   0x000061       data     static C:\Users\joaov\MPLABXProjects\PiscaDisplay.X\main.asm



                              Symbols - Sorted by Address
                     Name    Address   Location    Storage File                     
                ---------  ---------  ---------  --------- ---------                
                    Start   0x000002    program     static C:\Users\joaov\MPLABXProjects\PiscaDisplay.X\main.asm
                 MainLoop   0x00000c    program     static C:\Users\joaov\MPLABXProjects\PiscaDisplay.X\main.asm
                    NUMUM   0x00000e    program     static C:\Users\joaov\MPLABXProjects\PiscaDisplay.X\main.asm
                  NUMDOIS   0x00001e    program     static C:\Users\joaov\MPLABXProjects\PiscaDisplay.X\main.asm
                  NUMTRES   0x00003a    program     static C:\Users\joaov\MPLABXProjects\PiscaDisplay.X\main.asm
                NUMQUATRO   0x000056    program     static C:\Users\joaov\MPLABXProjects\PiscaDisplay.X\main.asm
                 NUMCINCO   0x00006e    program     static C:\Users\joaov\MPLABXProjects\PiscaDisplay.X\main.asm
                  NUMSEIS   0x00008a    program     static C:\Users\joaov\MPLABXProjects\PiscaDisplay.X\main.asm
                  NUMSETE   0x0000a6    program     static C:\Users\joaov\MPLABXProjects\PiscaDisplay.X\main.asm
                  NUMOITO   0x0000ba    program     static C:\Users\joaov\MPLABXProjects\PiscaDisplay.X\main.asm
                  NUMNOVE   0x0000de    program     static C:\Users\joaov\MPLABXProjects\PiscaDisplay.X\main.asm
                    Delay   0x0000fa    program     static C:\Users\joaov\MPLABXProjects\PiscaDisplay.X\main.asm
                   Delay1   0x000060       data     static C:\Users\joaov\MPLABXProjects\PiscaDisplay.X\main.asm
                   Delay2   0x000061       data     static C:\Users\joaov\MPLABXProjects\PiscaDisplay.X\main.asm


